C:\Users\Tyler Durden\Documents\NetBeansProjects\VirtualRemembrance7\src\main\java\de\lengsfeld\virtualremembrance\controller\GraveListController.java
C:\Users\Tyler Durden\Documents\NetBeansProjects\VirtualRemembrance7\src\main\java\de\lengsfeld\virtualremembrance\services\CemeteryServiceBean.java
C:\Users\Tyler Durden\Documents\NetBeansProjects\VirtualRemembrance7\src\main\java\de\lengsfeld\virtualremembrance\Country.java
C:\Users\Tyler Durden\Documents\NetBeansProjects\VirtualRemembrance7\src\main\java\de\lengsfeld\virtualremembrance\services\CemeteryService.java
C:\Users\Tyler Durden\Documents\NetBeansProjects\VirtualRemembrance7\src\main\java\de\lengsfeld\virtualremembrance\Grave.java
C:\Users\Tyler Durden\Documents\NetBeansProjects\VirtualRemembrance7\src\main\java\de\lengsfeld\virtualremembrance\services\MockCemeteryServiceBean.java
C:\Users\Tyler Durden\Documents\NetBeansProjects\VirtualRemembrance7\src\main\java\de\lengsfeld\virtualremembrance\util\Resources.java
C:\Users\Tyler Durden\Documents\NetBeansProjects\VirtualRemembrance7\src\main\java\de\lengsfeld\virtualremembrance\Cemetery.java
C:\Users\Tyler Durden\Documents\NetBeansProjects\VirtualRemembrance7\src\main\java\de\lengsfeld\virtualremembrance\controller\CemeteryListController.java
C:\Users\Tyler Durden\Documents\NetBeansProjects\VirtualRemembrance7\src\main\java\de\lengsfeld\virtualremembrance\data\CemeteryListProducer.java
C:\Users\Tyler Durden\Documents\NetBeansProjects\VirtualRemembrance7\src\main\java\de\lengsfeld\virtualremembrance\controller\CemeteryEditController.java
C:\Users\Tyler Durden\Documents\NetBeansProjects\VirtualRemembrance7\src\main\java\de\lengsfeld\virtualremembrance\controller\Pages.java
